================================================================================
PERSONA
================================================================================
Name: Evelyn Harper
Age: 34
Gender: Female
Race: Caucasian
Occupation: science journalist
Education: bachelor's degree

Number of questions: 50
Number of dialogues: 50


================================================================================
ACTIVITY 1
================================================================================

[ORIGINAL QUESTION]
Type: general_question
Question ID: b7dbaf9060c3fbe7
Text:
So, can you help me turn a dense climate attribution paper into a clear 800-word summary that keeps the science accurate but readable for general audiences?

[FULL DIALOGUE]

--- Turn 1: USER ---
So, can you help me turn a dense climate attribution paper into a clear 800-word summary that keeps the science accurate but readable for general audiences?

--- Turn 2: ASSISTANT ---
Absolutely — I can do that.

If you paste the paper, abstract, or key sections, I can turn it into a clear ~800-word summary that:
- keeps the scientific meaning accurate,
- avoids jargon or explains it briefly,
- highlights the main findings, methods, and implications,
- and reads well for a general audience.

If you want, I can also tailor the summary to a specific style, such as:
- **news/article style**
- **policy brief style**
- **plain-language explainer**
- **academic but accessible**

Send the paper or text you want summarized, and I’ll get started.

--- Turn 3: USER ---
Yes, and let’s make it specific. Before I paste anything, what would your process look like for a climate attribution paper in particular?

I’m asking because those papers can get dense fast, especially around confidence language, model ensembles, counterfactual worlds, and the difference between attribution of an event versus attribution of damages. I want the summary to stay readable without sanding off the actual science.

So, in practical terms, can you tell me:
1. How you decide what technical detail to keep versus translate.
2. How you handle uncertainty wording without making it sound either vague or falsely definitive.
3. Whether you can preserve caveats that really matter, not just tuck them into one sentence at the end.
4. If I give you a target outlet or audience, can you match tone and reading level accordingly?

A short example would help too. Even just a before-and-after paragraph from a hypothetical attribution abstract.

--- Turn 4: ASSISTANT ---
Yes — for climate attribution papers, I’d use a “retain the science, translate the framing” approach.

### 1) What technical detail I keep vs. translate
I usually keep details that affect the conclusion, and translate details that mainly describe method.

**Keep:**
- the event being attributed
- the main attribution claim
- the key comparison world/counterfactual
- the strongest quantitative result
- the main limitations that change interpretation

**Translate:**
- specialized model names unless they matter to the result
- ensemble jargon into plain language
- statistical language like “likely,” “very likely,” “confidence intervals,” etc.
- methodological specifics if they don’t change the takeaway

Example:
- Technical: “We used an 18-member large ensemble under SSP2-4.5 to estimate the probability ratio.”
- Plain language: “The authors compared today’s climate with many simulated versions of a world without human-caused warming to estimate how much more likely the event became.”

### 2) How I handle uncertainty wording
I try to preserve the **strength and direction** of the uncertainty without copying the exact jargon mechanically.

For example:
- “high confidence” → “the evidence is strong”
- “likely” → “probably”
- “cannot be excluded” → “the study cannot rule out”
- “no robust signal” → “the evidence does not show a clear signal”

If the paper uses formal confidence language from IPCC-style assessments, I’ll keep the meaning faithful and avoid upgrading or weakening it. I also avoid turning probabilistic claims into certainty.

### 3) How I preserve important caveats
I don’t wait until the final sentence. If a caveat changes how the finding should be read, I put it **next to the claim it qualifies**.

For example:
- “The event was found to be more likely in a warmer climate, though the exact increase depends on the model and dataset used.”
- “The study attributes the event’s increasing likelihood, not the full economic losses, which are shaped by exposure, infrastructure, and adaptation.”

That way the reader sees the limitation as part of the result, not as an afterthought.

### 4) Matching tone and reading level
Yes — if you give me a target outlet or audience, I can adapt the summary.

For example, I can write for:
- **general public / newspaper readers**
- **policy audiences**
- **science-literate readers**
- **students**
- **specialist but non-expert readers**

And I can adjust:
- sentence length
- jargon level
- how much method detail to include
- how cautious or direct the tone should be

### Short example

**Hypothetical abstract-style original:**
> We used a 50-member ensemble of climate simulations to assess the July heatwave’s likelihood in the present-day climate relative to a preindustrial counterfactual. Results indicate that anthropogenic warming increased the event’s probability by a factor of 5–7, with moderate confidence. However, the analysis does not estimate the fraction of observed damages attributable to climate change, since losses also depend on population exposure, infrastructure, and adaptation.

**Clearer general-audience version:**
> Using many climate model simulations, the authors compared today’s climate with a world without human-caused warming to see how that July heatwave changed. They found that global warming made the heatwave about five to seven times more likely, though the exact size of the effect is still uncertain. The study does not say that climate change caused the full economic damage from the event, because losses also depend on where people live, how vulnerable buildings are, and how prepared communities are.

If you want, I can also give you a **workflow template** for turning an attribution paper into an 800-word summary — for example, a section-by-section structure I’d use every time.

--- Turn 5: USER ---
Yes, that helps. The workflow template would be useful.

What I need, specifically, is something practical enough that I could hand it to a junior editor or use it myself under deadline. So not just “intro, methods, implications,” but a tighter structure for an 800 word piece on an attribution study.

Could you sketch a template that covers:
1. A good opening approach that avoids overselling.
2. How many sentences to spend on methods, and which method details are actually worth keeping.
3. Where to place the core finding, the uncertainty, and the caveat so they don’t fight each other.
4. How to handle numbers, especially probability ratios, return periods, and confidence language.
5. A clean ending that doesn’t slide into advocacy or false balance.

And one more thing. If the paper itself is careful but the headline version is likely to get distorted, can you build in a “what this study does and does not show” section without making it sound wooden?

--- Turn 6: ASSISTANT ---
Absolutely. Here’s a practical template you can use for an ~800-word climate attribution summary, designed for speed, accuracy, and readability.

## 800-word attribution summary template

### 1) Opening: 2–3 sentences
**Goal:** State the event, the main question, and the headline finding without exaggeration.

**What to include**
- What event was studied
- What the attribution question was
- The main result in plain language

**What to avoid**
- “Climate change caused this event” unless the paper really supports that wording
- Big-picture claims in the first sentence
- Method details upfront

**Template**
> Scientists examined [event] to ask how human-caused climate change affected it. Using climate models and observations, they found that warming made the event [more likely / more intense / both] compared with a cooler preindustrial climate. The study suggests [core finding in plain language], though the exact size of the effect depends on the methods used.

---

### 2) Methods: 2–4 sentences
**Goal:** Give just enough method detail for readers to trust the result.

**Usually worth keeping**
- whether the study uses models, observations, or both
- the counterfactual comparison: present-day vs preindustrial/“no human influence”
- whether it looks at probability, intensity, duration, or a combination
- if relevant, whether multiple models or ensembles were used

**Usually not worth keeping**
- model version numbers
- ensemble member counts unless unusually important
- technical diagnostics
- too many dataset names

**Template**
> The researchers compared the observed event with simulated climate conditions in a world without most human-caused warming. They used [models / ensembles / observational analysis] to estimate how the odds or strength of the event changed. This kind of study does not recreate the event exactly; instead, it asks how climate change shifted the background conditions that made it more or less likely.

If the method is central, you can use one extra sentence:
> Because different models represent rainfall, heat, and circulation differently, the authors tested several approaches to make the result more robust.

---

### 3) Core finding, uncertainty, and caveat: 3–5 sentences
**Goal:** Put the result first, then immediately qualify it in a readable way.

A good order is:
1. **Main finding**
2. **How strong the evidence is**
3. **What limits the claim**
4. **What the study does not claim**

**Template**
> The study found that human-caused warming made [event] about [X times / Y%] more likely, or made it [stronger / longer / hotter]. The authors describe this result as [high confidence / moderate confidence / likely], meaning the evidence is strong but not perfect. The exact number should be read as an estimate, not a precise measurement, because it depends on the models, datasets, and assumptions used. Importantly, the study addresses the event’s physical likelihood or intensity, not the full economic or social damage caused by the event.

That structure keeps the caveat tied to the claim rather than buried at the end.

---

### 4) Numbers and confidence language: a practical rule
**Goal:** Keep quantitative detail, but translate it cleanly.

#### Probability ratios
If the paper says the event became “5–10 times more likely,” that is usually clearer than converting it into percentages unless the percent framing is intuitive.

**Good**
- “The event became about 5 to 10 times more likely.”

**Less good**
- “There was a 500% to 900% increase in likelihood”  
This is technically possible, but often less readable.

If the study gives a fractional increase in probability, you can say:
- “The chance increased substantially”
- “The event was several times more likely”

#### Return periods
Be careful with “once in 100 years” language.

Better:
- “A 1-in-100-year event” only if the paper uses it and you explain that it does **not** mean the event happens only once per century.
- “An event that used to be expected about once a century is now much more frequent” if that’s what the study shows.

A clean explanation:
> In climate studies, a “100-year event” means a 1% chance in any given year, not an event that occurs only once every 100 years.

#### Confidence language
Use consistent translations:
- **very likely** → “very likely”
- **likely** → “likely” or “probably”
- **high confidence** → “the evidence is strong”
- **medium confidence** → “the evidence points in this direction, but with important uncertainty”
- **low confidence** → “the result is suggestive, not definitive”

Avoid piling up hedges:
- Better: “The evidence is strong, but the exact magnitude remains uncertain.”
- Worse: “It seems like it may possibly be…”

---

### 5) “What this study shows / does not show” section
Yes — this is a good idea, and it does not have to sound wooden.

You can make it a short, natural paragraph or a two-part bridge near the end.

**Template**
> What this study shows is that human-caused warming changed the odds or severity of [event]. What it does not show is that climate change alone explains every aspect of the disaster. Impacts also depend on exposure, infrastructure, preparedness, and policy choices, which are separate from the physical attribution question.

Or, if you want it more seamless:
> In other words, the study is about how climate change altered the physical event itself, not about assigning all resulting losses to greenhouse gases. That distinction matters, because damage is shaped not only by weather but also by where people live and how vulnerable systems are.

---

### 6) Ending: 2–3 sentences
**Goal:** Close on the significance without advocacy or false balance.

**Good ending options**
- Briefly restate the main takeaway
- Note why the finding matters scientifically or practically
- Avoid turning the conclusion into a policy argument unless the paper does that explicitly

**Template**
> The main takeaway is that human-caused warming changed the odds, intensity, or duration of [event] in a measurable way. While the precise numbers remain uncertain, the direction of the effect is clear. The study adds to a growing body of evidence that climate change is already altering extreme weather in ways that matter for planning and risk.

That last sentence is acceptable if it stays descriptive, not promotional.

---

## Fast structure for a junior editor
If you want something especially usable under deadline, use this order:

1. **Lead:** event + main attribution finding  
2. **Method in plain language:** how they compared present and counterfactual climates  
3. **Result with number:** probability ratio / intensity change  
4. **Uncertainty:** confidence and model dependence  
5. **Caveat:** event attribution vs damage attribution  
6. **What this does/does not show**
7. **Close:** one sentence on significance

---

## A compact model paragraph
> Researchers studied the July heatwave to see how human-caused climate change affected it. Using climate models, they compared today’s warmer world with a simulated world without most greenhouse-gas warming. They found that warming made the heatwave several times more likely and likely more intense, though the exact estimate varies by model. The result is best understood as an estimate of how climate change shifted the physical event, not as a calculation of the full economic damage. That distinction matters because losses also depend on exposure, infrastructure, and preparedness. In short, the study shows that climate change altered the odds of the event in a measurable way, even if the exact magnitude remains uncertain.

If you want, I can turn this into a **fillable one-page editing template** with placeholders like `[event]`, `[finding]`, `[confidence]`, and `[caveat]` that you can reuse on any attribution paper.


================================================================================
ACTIVITY 2
================================================================================

[ORIGINAL QUESTION]
Type: general_question
Question ID: 14edd5ef8ade9050
Text:
Here’s the thing: I need a few interview questions that will get a retired field scientist talking in concrete scenes rather than abstract claims for a book chapter on disappearing wetlands.

[FULL DIALOGUE]

--- Turn 1: USER ---
Here’s the thing: I need a few interview questions that will get a retired field scientist talking in concrete scenes rather than abstract claims for a book chapter on disappearing wetlands.

--- Turn 2: ASSISTANT ---
Absolutely — the trick is to ask for **specific moments, places, and actions** rather than opinions. Here are some interview questions designed to pull out **scene-based, concrete recollections** from a retired field scientist:

### Questions that invite scenes
1. **Can you take me to a single day in the field that still stands out in your memory? What did you see first when you arrived?**

2. **What was the weather, the smell, or the sound like on one of your first visits to those wetlands?**

3. **Can you describe a place in the wetland you returned to repeatedly? What made that spot important?**

4. **Tell me about a time you had to physically move through the wetland to collect data. What was the ground like under your feet?**

5. **Was there a moment when you realized the wetland was changing? What exactly did you notice that day?**

6. **Can you describe a specimen, bird, plant, or animal you remember encountering there in a vivid way? What were you doing when you saw it?**

7. **What did the wetland look like in the morning versus late afternoon? Did anything change across the day?**

8. **Tell me about a difficult or memorable field condition — mud, insects, flooding, heat, equipment failure. What happened?**

9. **Was there a conversation in the field that captures what those wetlands meant to the team or to local people? What was said?**

10. **Can you walk me through one sample collection or survey from start to finish, step by step?**

### Questions that help avoid abstract answers
11. **When you say the wetland was “healthy” or “in decline,” what did that look like on the ground?**

12. **What’s one detail from the old landscape that would surprise someone seeing it now?**

13. **If I were standing beside you during one of those surveys, what would I have noticed first?**

14. **What did you carry with you into the field, and how did you use it?**

15. **What’s a memory from the wetland that you can still picture clearly, down to one object, sound, or gesture?**

### Good follow-up prompts if they stay general
- **Can you give me an example?**
- **What happened next?**
- **Where exactly were you standing?**
- **Who else was there?**
- **What did that look like?**
- **What did you do first?**
- **Can you describe that in the order it happened?**

If you want, I can also turn these into:
- a **more lyrical set** for a book chapter,
- a **more journalistic set** for reporting,
- or a **shorter list of 8 strongest questions**.

--- Turn 3: USER ---
This is useful. But let’s make it sharper for an older scientist who tends to drift into summary mode and institutional language.

Can you give me a tighter list of 8 strongest questions, phrased in a way that gently interrupts abstraction without sounding pushy? And if possible, add 1 or 2 follow-up prompts after each that pull for sensory detail, sequence, or a specific turning point.

--- Turn 4: ASSISTANT ---
Certainly — here’s a tighter set of **8 questions** designed to gently steer an older scientist away from summary mode and back into **scene, sequence, and detail**.

### 1. **Can you take me to one day in the wetlands that still stays with you?**
   - What was the first thing you noticed when you got there?
   - What happened next?

### 2. **When you first stepped into a site, what did you notice underfoot, around you, or in the air?**
   - Was there a particular smell, sound, or texture you remember?
   - Did that change as you moved deeper in?

### 3. **Tell me about one survey or sampling trip from start to finish.**
   - Where did you begin, and who was with you?
   - Was there a moment when the day took an unexpected turn?

### 4. **Was there a place in the wetland you kept returning to? What made that spot memorable?**
   - What did it look like in a good year?
   - What did you see there later, as things changed?

### 5. **Can you remember a moment when you realized the wetland was changing?**
   - What exactly did you see that made you think that?
   - Do you remember where you were standing when it hit you?

### 6. **Tell me about a species, plant, bird, or animal you remember especially well from that work.**
   - What were you doing when you saw it?
   - Can you describe the scene around it?

### 7. **What’s one field day that went wrong, or became difficult in a memorable way?**
   - What was the obstacle — weather, mud, insects, equipment?
   - How did the team respond in the moment?

### 8. **If I’d been with you in the field, what would I have seen first?**
   - What would I have heard or smelled?
   - What detail would have told me I was standing in that wetland, not somewhere else?

If you want, I can also make these:
- **more conversational and warm**
- **more compressed and elegant for a book chapter**
- or **tailored to a scientist who answers in long, polished paragraphs**

--- Turn 5: USER ---
Yes, this is close.

One more refinement. Can you make them more conversational and warm, like something I’d actually say aloud in an interview, not a polished questionnaire? The short version is I want prompts that sound natural enough to lower his guard a little, while still nudging him toward scenes instead of conclusions.

--- Turn 6: ASSISTANT ---
Absolutely — here’s a more **spoken, warm, and lightly guiding** version. These are meant to sound like something you’d actually ask aloud, with just enough structure to keep him in a scene rather than in summary.

### 8 conversational interview prompts

1. **Can you take me to one day in the wetlands that you still remember pretty clearly?**
   - What do you remember noticing first?
   - What was happening when you got there?

2. **When you first stepped onto a site, what was it like underfoot and around you?**
   - Was there a smell, a sound, or a texture you still remember?
   - Did the place feel different as you moved through it?

3. **Can you walk me through one field trip from the beginning?**
   - Where did you start, and who was with you?
   - Was there a moment when the day shifted or got interesting?

4. **Was there a spot in the wetland you kept going back to?**
   - What was that place like when you first saw it?
   - Did it change over time in a way you can still picture?

5. **Do you remember a time when you first thought, “Something’s changing here”?**
   - What exactly did you see that made you think that?
   - Where were you standing when that happened?

6. **Was there a plant, bird, or animal you remember especially well from that work?**
   - What was going on when you saw it?
   - What did the whole scene look like around it?

7. **Can you think of one day in the field that was just hard or memorable for some reason?**
   - What made it difficult?
   - What did you and the others do in that moment?

8. **If I’d been out there with you, what would I have noticed first?**
   - What would I have heard, smelled, or seen?
   - What’s one detail that would make it unmistakably that wetland?

A useful technique with this kind of interview is to **let the first answer breathe**, then use a follow-up like:
- **“What happened next?”**
- **“Can you show me that day?”**
- **“Where exactly were you?”**
- **“What did that look like?”**
- **“Do you remember what you heard?”**

If you want, I can also make these **even more natural and less interview-like**, almost like casual conversation.


================================================================================
ACTIVITY 3
================================================================================

[ORIGINAL QUESTION]
Type: general_question
Question ID: 1ef5f9e54b60ca8f
Text:
To be clear, I’m trying to compare two book outlines on biodiversity loss, so can you help me see which one has a stronger narrative arc without oversimplifying the evidence?

[FULL DIALOGUE]

--- Turn 1: USER ---
To be clear, I’m trying to compare two book outlines on biodiversity loss, so can you help me see which one has a stronger narrative arc without oversimplifying the evidence?

--- Turn 2: ASSISTANT ---
Yes — I can help with that.

If you share the two outlines, I can compare them on:
- **Narrative arc**: whether there’s a clear beginning, escalation, turning point, and resolution
- **Scientific grounding**: whether they reflect the evidence accurately and avoid overstatement
- **Balance**: whether they handle complexity, uncertainty, and tradeoffs well
- **Reader momentum**: which outline is more engaging and coherent without flattening the issue

If you want, I can also score them side by side on a simple rubric, for example:
1. **Clarity of central thesis**
2. **Progression of ideas**
3. **Use of evidence**
4. **Emotional and thematic build**
5. **Avoidance of oversimplification**

Paste the two outlines, and I’ll compare them directly.

--- Turn 3: USER ---
Yes, that helps. Before I paste them, can you tell me how you’d handle an outline that is stronger journalistically but a little weaker scientifically, versus one that is more rigorous but flatter on the page?

I’m not looking for a winner in the abstract. I need a comparison that can separate three things clearly: narrative momentum, evidentiary integrity, and where the structure might quietly distort causality or scale. In practical terms, can you point out not just which outline works better, but what each one is trading away to work at all?

--- Turn 4: ASSISTANT ---
Yes — I’d handle that as a **tradeoff analysis**, not a simple ranking.

### How I’d compare them
I’d separate the comparison into three layers:

1. **Narrative momentum**
   - Does the outline create tension, escalation, and payoff?
   - Does each section feel like it advances the story?
   - Does it have a clear throughline or arc?

2. **Evidentiary integrity**
   - Does it stay faithful to what the evidence can actually support?
   - Does it distinguish correlation, mechanism, and causation?
   - Does it avoid cherry-picking, overgeneralizing, or implying certainty where there is uncertainty?

3. **Structural distortion risk**
   - Does the structure itself imply a false causal sequence?
   - Does it exaggerate scale by moving from local examples to global claims too quickly?
   - Does it flatten complexity by making multiple drivers look like one?

### How I’d judge the two kinds of outlines
#### If one is stronger journalistically but weaker scientifically:
I’d usually say it wins on:
- **Reader grip**
- **Clarity of arc**
- **Memorability**
- **Emotional force**

But I’d note what it may be trading away:
- **Precision**
- **Causal nuance**
- **Scale accuracy**
- **Confidence in the claims**

Typical warning signs:
- A vivid anecdote standing in for broader evidence
- A neat villain or single driver where the science suggests multiple interacting causes
- A dramatic sequence that implies inevitability
- A “micro-to-macro” jump that overstates how general a case is

#### If one is more rigorous but flatter:
I’d say it wins on:
- **Accuracy**
- **Balance**
- **Credibility**
- **Resistance to distortion**

But it may be trading away:
- **Momentum**
- **Synthesis**
- **Reader urgency**
- **A memorable shape**

Typical warning signs:
- A list of facts without escalation
- Too many equally weighted sections
- No turning point or organizing question
- A structure that is correct but not cumulative

### What I’d give you in the comparison
For each outline, I’d produce something like:

- **Narrative momentum:** stronger / weaker, with why
- **Evidentiary integrity:** stronger / weaker, with why
- **Causal/scale distortion risk:** where the structure may mislead
- **What it gains**
- **What it sacrifices**
- **Best revision path** if you want to keep the strength and reduce the weakness

### My basic standard
If an outline is journalistically strong but scientifically loose, I would not reject it automatically — I’d ask whether its weaker evidence handling is:
- a **minor framing issue**,
- a **correctable gap**, or
- a **structural distortion** that changes the meaning of the argument.

Likewise, if an outline is rigorous but flat, I’d ask whether the flatness is:
- just a presentation problem, or
- a sign that the piece lacks a real argument.

If you paste the outlines, I can do this in a very concrete way and show exactly **what each one is buying and what it’s giving up**.

--- Turn 5: USER ---
Yes, that’s basically what I need.

One thing I want to tighten before I send them: when you say “structural distortion,” how narrow are you being? I mean the difference between a harmless simplifying frame and a frame that actually misleads the reader about mechanism or scale.

For example, if an outline organizes biodiversity loss as a progression from habitat loss to fragmentation to collapse, that can read cleanly, but reality is often messier and overlapping. Would you flag that as a narrative convenience, or only if the chapter order starts implying a causal sequence the evidence doesn’t really support?

And related to that, can you be explicit about degrees of concern? Something like slight distortion, significant distortion, structural problem. That would help a lot, because honestly the gray zone is usually where these projects live.

--- Turn 6: ASSISTANT ---
Yes — I’d use **“structural distortion” narrowly**, and I’d grade it by **how much the outline itself shapes the reader’s causal understanding**, not just whether it simplifies.

### My threshold
A clean frame becomes a problem when it does one of these:
- **implies a causal order that isn’t well supported**
- **compresses multiple interacting drivers into a single pathway**
- **inflates scale** from one case or region to a general rule
- **makes contingency look inevitable**
- **turns correlation into mechanism**

### Your habitat-loss → fragmentation → collapse example
I’d treat that as:

- **Slight distortion** if it’s mainly a **narrative convenience** — a readable sequence that the text later qualifies as overlapping, recursive, or non-linear.
- **Significant distortion** if the chapter order strongly **encourages the reader to infer a neat progression** that the evidence only partially supports.
- **Structural problem** if the whole argument depends on that sequence, and the outline suppresses alternative pathways, feedback loops, or exceptions.

So yes: **the order alone isn’t automatically a problem**. It becomes one if the structure **does interpretive work the evidence can’t do**.

### The degrees of concern I’d use
I’d flag them like this:

#### 1. Slight distortion
- The frame is simplified, but the simplification is transparent
- Readers are unlikely to come away with a materially false picture
- Can usually be fixed with a caveat or rephrasing

#### 2. Significant distortion
- The structure nudges readers toward a misleading causal story
- Scale or mechanism is oversold
- The problem affects interpretation, but not every core claim
- Usually fixable with reordering, added counterweight, or a clearer thesis

#### 3. Structural problem
- The outline’s organization is doing work the evidence does not support
- The whole arc depends on an inaccurate causal or scalar logic
- This is not just wording; it changes the argument’s meaning
- Usually requires redesign, not just editing

### Practical rule of thumb
I’d ask: **if the chapter order were shuffled, would the argument still hold?**

- If yes, it’s probably a **frame**
- If no, and the order is carrying unsupported causality, it’s a **distortion**

### What I’ll do when you send the outlines
For each outline, I can mark:
- **clean simplification**
- **slight distortion**
- **significant distortion**
- **structural problem**

And I can say exactly **what the structure is implying** versus **what the evidence likely supports**.

If you want, I can also give you a compact rubric for those three categories so you can use it yourself while comparing the drafts.
