================================================================================
PERSONA
================================================================================
Name: Evelyn Harper
Age: 34
Gender: Female
Race: Caucasian
Occupation: science journalist
Education: bachelor's degree

================================================================================
QUESTIONS
================================================================================
Number of questions: 50

general_question : So, can you help me turn a dense climate attribution paper into a clear 800-word summary that keeps the science accurate but readable for general audiences?

general_question : Here’s the thing: I need a few interview questions that will get a retired field scientist talking in concrete scenes rather than abstract claims for a book chapter on disappearing wetlands.

general_question : To be clear, I’m trying to compare two book outlines on biodiversity loss, so can you help me see which one has a stronger narrative arc without oversimplifying the evidence?

general_question : If you zoom out, I’ve spent a lot of time on the road lately, and I need a realistic weekly routine that keeps me writing, exercising, and sleeping like a functional person.

general_question : What that means is I’m thinking about whether I want kids in the next few years, and I’d like help sorting out the emotional part from the practical timeline.

================================================================================
USER ACTIVITY TRACE
================================================================================
Number of dialogues: 50

--- Dialogue 1 ---
So, can you help me turn a dense climate attribution paper into a clear 800-word summary that keeps the science accurate but readable for general audiences?
Yes, and let’s make it specific. Before I paste anything, what would your process look like for a climate attribution paper in particular?

I’m asking because those papers can get dense fast, especially around confidence language, model ensembles, counterfactual worlds, and the difference between attribution of an event versus attribution of damages. I want the summary to stay readable without sanding off the actual science.

So, in practical terms, can you tell me:
1. How you decide what technical detail to keep versus translate.
2. How you handle uncertainty wording without making it sound either vague or falsely definitive.
3. Whether you can preserve caveats that really matter, not just tuck them into one sentence at the end.
4. If I give you a target outlet or audience, can you match tone and reading level accordingly?

A short example would help too. Even just a before-and-after paragraph from a hypothetical attribution abstract.
Yes, that helps. The workflow template would be useful.

What I need, specifically, is something practical enough that I could hand it to a junior editor or use it myself under deadline. So not just “intro, methods, implications,” but a tighter structure for an 800 word piece on an attribution study.

Could you sketch a template that covers:
1. A good opening approach that avoids overselling.
2. How many sentences to spend on methods, and which method details are actually worth keeping.
3. Where to place the core finding, the uncertainty, and the caveat so they don’t fight each other.
4. How to handle numbers, especially probability ratios, return periods, and confidence language.
5. A clean ending that doesn’t slide into advocacy or false balance.

And one more thing. If the paper itself is careful but the headline version is likely to get distorted, can you build in a “what this study does and does not show” section without making it sound wooden?

--- Dialogue 2 ---
Here’s the thing: I need a few interview questions that will get a retired field scientist talking in concrete scenes rather than abstract claims for a book chapter on disappearing wetlands.
This is useful. But let’s make it sharper for an older scientist who tends to drift into summary mode and institutional language.

Can you give me a tighter list of 8 strongest questions, phrased in a way that gently interrupts abstraction without sounding pushy? And if possible, add 1 or 2 follow-up prompts after each that pull for sensory detail, sequence, or a specific turning point.
Yes, this is close.

One more refinement. Can you make them more conversational and warm, like something I’d actually say aloud in an interview, not a polished questionnaire? The short version is I want prompts that sound natural enough to lower his guard a little, while still nudging him toward scenes instead of conclusions.

--- Dialogue 3 ---
To be clear, I’m trying to compare two book outlines on biodiversity loss, so can you help me see which one has a stronger narrative arc without oversimplifying the evidence?
Yes, that helps. Before I paste them, can you tell me how you’d handle an outline that is stronger journalistically but a little weaker scientifically, versus one that is more rigorous but flatter on the page?

I’m not looking for a winner in the abstract. I need a comparison that can separate three things clearly: narrative momentum, evidentiary integrity, and where the structure might quietly distort causality or scale. In practical terms, can you point out not just which outline works better, but what each one is trading away to work at all?
Yes, that’s basically what I need.

One thing I want to tighten before I send them: when you say “structural distortion,” how narrow are you being? I mean the difference between a harmless simplifying frame and a frame that actually misleads the reader about mechanism or scale.

For example, if an outline organizes biodiversity loss as a progression from habitat loss to fragmentation to collapse, that can read cleanly, but reality is often messier and overlapping. Would you flag that as a narrative convenience, or only if the chapter order starts implying a causal sequence the evidence doesn’t really support?

And related to that, can you be explicit about degrees of concern? Something like slight distortion, significant distortion, structural problem. That would help a lot, because honestly the gray zone is usually where these projects live.
