
================================================================================
CHECK DATA ISSUES
================================================================================

Questions without dialogue:
{'8ef79bec955c2599'}

[MISSING DIALOGUE]
Character ID: c1b50a77-53ac-45df-a806-328108d4fb50
Question ID: 8ef79bec955c2599
Question Type: tool_question
Question: Design a tool for monitoring emerging viral variants against existing immune escape knowledge that can ingest new sequence data quickly, map it onto known functional regions, rank plausible concern without theatricality, and flag where the literature is mixed or simply too thin to justify the current panic.

================================================================================
ABNORMAL DIALOGUES
================================================================================

[INCOMPLETE DIALOGUE]
Character ID: b03c9f9a-a959-4bdd-94f8-0c30a508fcc2
Question ID: cc2349a950ed5853
Question: I’m comparing two neighborhoods over time, but the bigger issue is rate of change, not just the endpoints. In Neighborhood M, reported robberies went from 52 to 39 over 4 years, and in Neighborhood N they went from 31 to 20 over 2 years; what is the average annual change in robberies for each neighborhood, and which one had the steeper annual decline in percentage terms?
User turns: 3
Assistant turns: 2
Total turns: 5

Dialogue:

Turn 1 [USER]
I’m comparing two neighborhoods over time, but the bigger issue is rate of change, not just the endpoints. In Neighborhood M, reported robberies went from 52 to 39 over 4 years, and in Neighborhood N they went from 31 to 20 over 2 years; what is the average annual change in robberies for each neighborhood, and which one had the steeper annual decline in percentage terms?

Turn 2 [ASSISTANT]
Compute the average annual change as:

\[
\text{annual change}=\frac{\text{final} - \text{initial}}{\text{years}}
\]

### Neighborhood M
- From 52 to 39 over 4 years:
\[
\frac{39-52}{4}=\frac{-13}{4}=-3.25
\]
So Neighborhood M had an average change of **-3.25 robberies per year**.

### Neighborhood N
- From 31 to 20 over 2 years:
\[
\frac{20-31}{2}=\frac{-11}{2}=-5.5
\]
So Neighborhood N had an average change of **-5.5 robberies per year**.

## Percentage decline per year
Use the starting value as the baseline.

### Neighborhood M
\[
\frac{-3.25}{52}\approx -0.0625 = -6.25\%\text{ per year}
\]

### Neighborhood N
\[
\frac{-5.5}{31}\approx -0.1774 = -17.74\%\text{ per year}
\]

## Answer
- **Neighborhood M:** **-3.25 robberies/year**, about **-6.25% per year**
- **Neighborhood N:** **-5.5 robberies/year**, about **-17.74% per year**

**Neighborhood N had the steeper annual decline in percentage terms.**

Turn 3 [USER]
Got it, that helps. One quick thing though: for the percentage part, is dividing the average yearly drop by the starting value the standard way you’d report it, or would it be more accurate to use something like an annualized rate of decline instead? I’m trying to be careful about not flattening the time component if the intervals are different.

Turn 4 [ASSISTANT]
Good catch.

**Dividing the average yearly drop by the starting value is a simple “percent per year” approximation**, but it’s not the most rigorous way to compare declines when time spans differ. It treats the change as linear and uses the **initial value as the baseline**.

A more standard way to report a true **annualized rate of decline** is to use a compound change rate:

\[
\text{annualized rate} = \left(\frac{\text{final}}{\text{initial}}\right)^{1/n} - 1
\]

where \(n\) is the number of years.

### Neighborhood M
\[
\left(\frac{39}{52}\right)^{1/4} - 1 \approx -0.0712
\]
So the annualized decline is about **7.1% per year**.

### Neighborhood N
\[
\left(\frac{20}{31}\right)^{1/2} - 1 \approx -0.1963
\]
So the annualized decline is about **19.6% per year**.

### Bottom line
- **Simple percent based on average yearly drop:**
  - M: about **6.25%/yr**
  - N: about **17.7%/yr**
- **Annualized compound decline:**
  - M: about **7.1%/yr**
  - N: about **19.6%/yr**

**Neighborhood N still had the steeper decline either way**, and the annualized rate is the better choice if you want to account properly for different time intervals.

Turn 5 [USER]
That makes sense, yeah. I think that’s enough for what I need here. <DONE>
